// Jest Snapshot v1, https://goo.gl/fbAQLP

exports[`<Documents /> should render without crash 1`] = `
<div>
  <Invoices />
</div>
`;
