// Jest Snapshot v1, https://goo.gl/fbAQLP

exports[`<Auth /> should render without crash 1`] = `
<div
  className="login-form"
>
  <Connect(LoginForm) />
</div>
`;
