// Jest Snapshot v1, https://goo.gl/fbAQLP

exports[`<ComapaniesBuyChart /> should render without crash 1`] = `
<div
  id="companies-buy-chart"
/>
`;
