// Jest Snapshot v1, https://goo.gl/fbAQLP

exports[`<SellChart /> should render without crash 1`] = `
<div
  id="sell-chart"
/>
`;
