// Jest Snapshot v1, https://goo.gl/fbAQLP

exports[`<Header /> should render without crash 1`] = `<Connect(SideBar) />`;
