// Jest Snapshot v1, https://goo.gl/fbAQLP

exports[`<OrdersSearch> should render without crash 1`] = `
<div>
  Search
  <input
    onClick={[MockFunction]}
    type="checkbox"
  />
</div>
`;
