// Jest Snapshot v1, https://goo.gl/fbAQLP

exports[`<AddProduct /> should render without crash 1`] = `
<div>
  <Connect(ReduxForm)
    onSubmit={[Function]}
  />
</div>
`;
