// Jest Snapshot v1, https://goo.gl/fbAQLP

exports[`<Shop /> should render without crash 1`] = `
<div
  className="shop"
>
  <Connect(ProductsList) />
</div>
`;
